// Jest Snapshot v1, https://goo.gl/fbAQLP

exports[`renders correctly 1`] = `
<div
  className="product-list"
>
  <div
    className="row justify-content-end"
  >
    <div
      className="col-sm-12 col-md-6 col-lg-6"
    />
    <div
      className="col-sm-12 col-md-6 col-lg-6"
    >
      <nav
        aria-label="Page navigation example"
        className="product-pagination "
      >
        <ul
          className="pagination"
        >
          <li
            className="page-item"
          >
            <a
              className="page-link"
              href="#"
            >
              Previous
            </a>
          </li>
          <li
            className="page-item"
          >
            <a
              className="page-link"
              href="#"
            >
              1
            </a>
          </li>
          <li
            className="page-item"
          >
            <a
              className="page-link"
              href="#"
            >
              2
            </a>
          </li>
          <li
            className="page-item"
          >
            <a
              className="page-link"
              href="#"
            >
              3
            </a>
          </li>
          <li
            className="page-item"
          >
            <a
              className="page-link"
              href="#"
            >
              Next
            </a>
          </li>
        </ul>
      </nav>
    </div>
  </div>
</div>
`;
